// Jest Snapshot v1, https://goo.gl/fbAQLP

exports[`Status displays a status 1`] = `
<div
  className="game-status"
>
  Next player: O
</div>
`;
