// Jest Snapshot v1, https://goo.gl/fbAQLP

exports[`Square renders with text and background color 1`] = `
<div
  className="grid-item"
>
  <button
    className="square"
    onClick={[MockFunction]}
    type="button"
  >
    X
  </button>
</div>
`;
