// Jest Snapshot v1, https://goo.gl/fbAQLP

exports[`Game hasn't changed structure 1`] = `<Game />`;
